[bookatailor.com/indexc9cb.html]
[www.google-analytics.com/analytics.js]
[backblue.gif]
[fade.gif]
[index.html]
[connect.facebook.net/en_US/fbevents.js]
[bookatailor.com/img/favicon.ico]
[bookatailor.com/css/bootstrap_batnew.min.css]
[bookatailor.com/new.css]
[bookatailor.com/css/font-awesome.min.css]
[bookatailor.com/css/owl.transitions.css]
[bookatailor.com/css/animate_batnew.css]
[bookatailor.com/css/animate1_batnew.css]
[bookatailor.com/css/fancybox/jquery.fancybox.css]
[bookatailor.com/css/slicknav_batnew.css]
[bookatailor.com/lib/rs-plugin/css_batnew/settings.css]
[bookatailor.com/css/main_batnew.css]
[bookatailor.com/mobile.css]
[bookatailor.com/style1.css]
[bookatailor.com/css/responsive_batnew.css]
[bookatailor.com/src_batnew/css/pignose.calendar.css]
[bookatailor.com/demo/js_batnew/jquery.latest.min.js]
[bookatailor.com/demo/js_batnew/bootstrap.min.js]
[bookatailor.com/demo/js_batnew/prism.min.js]
[bookatailor.com/vender_batnew/moment.min.js]
[bookatailor.com/src_batnew/js/pignose.calendar.js]
[bookatailor.com/js/vendor/modernizr-2.8.3.min.js]
[bookatailor.com/images-bat/cancel.png]
[bookatailor.com/js/jquery.mask.min.js]
[bookatailor.com/images-bat/spu.png]
[bookatailor.com/images-bat/bka.png]
[bookatailor.com/index.html]
[bookatailor.com/img/logo-bat_batnew.png]
[bookatailor.com/about-us.html]
[bookatailor.com/how_It_works.html]
[bookatailor.com/weddings.html]
[bookatailor.com/location.html]
[bookatailor.com/img/march-banner.jpg]
[bookatailor.com/img/march-banner2.jpg]
[bookatailor.com/img/date_batnew.png]
[bookatailor.com/img/measured_batnew.png]
[bookatailor.com/img/fabric_batnew.png]
[bookatailor.com/img/suit_batnew.png]
[bookatailor.com/franchise.html]
[bookatailor.com/img/man_batnew.jpg]
[bookatailor.com/img/man1_batnew.jpg]
[bookatailor.com/img/tailor_batnew.jpg]
[bookatailor.com/press.html]
[bookatailor.com/img/f1_batnew.jpg]
[bookatailor.com/img/f2_batnew.jpg]
[bookatailor.com/img/f3_batnew.jpg]
[bookatailor.com/img/f4_batnew.jpg]
[bookatailor.com/img/f5_batnew.jpg]
[bookatailor.com/img/f6_batnew.jpg]
[bookatailor.com/img/f7_batnew.jpg]
[bookatailor.com/our-ceo.html]
[bookatailor.com/faq.html]
[bookatailor.com/refund-policy.html]
[bookatailor.com/privacy-policy.html]
[bookatailor.com/military.html]
[bookatailor.com/students.html]
[bookatailor.com/img/bat_batnew.png]
[bookatailor.com/js/bootstrap_batnew.min.js]
[bookatailor.com/js/batnew_owl.carousel.min.js]
[bookatailor.com/js/batnew_jquery-ui.min.js]
[bookatailor.com/js/batnew_jquery.slicknav.js]
[bookatailor.com/js/batnew_jquery.shuffle.min.js]
[bookatailor.com/js/batnew_jquery.countdown.min.js]
[bookatailor.com/js/batnew_jquery.collapse.js]
[bookatailor.com/js/batnew_jquery.easing.1.3.min.js]
[bookatailor.com/js/batnew_jquery.knob.js]
[bookatailor.com/js/batnew_jquery.appear.js]
[bookatailor.com/js/img-zoom/jquery.simpleLens.min.js]
[bookatailor.com/js/fancybox/jquery.fancybox.pack.js]
[bookatailor.com/js/batnew_waypoints.min.js]
[bookatailor.com/js/batnew_wow.js]
[bookatailor.com/lib/rs-plugin/js_batnew/jquery.themepunch.tools.min.js]
[bookatailor.com/lib/rs-plugin/js_batnew/jquery.themepunch.revolution.min.js]
[bookatailor.com/lib/rs-plugin/rs.home.js]
[bookatailor.com/js/batnew_main.js]
[bookatailor.com/js/batnew_jquery-scrolltofixed_batnew.js]
[www.googleadservices.com/pagead/f.txt]
[bookatailor.com/indexc9cb.html]
[bookatailor.com/js/jquery.flexslider.js]
[connect.facebook.net/en_US/fbevents.js]
[bookatailor.com/css/ClanOT-Black.eot]
[bookatailor.com/css/ClanOT-Blackd41d.eot]
[bookatailor.com/css/ClanOT-Black.ttf]
[bookatailor.com/css/ClanOT-Bold.eot]
[bookatailor.com/css/ClanOT-Bold.ttf]
[bookatailor.com/css/ClanOT-Boldd41d.eot]
[bookatailor.com/css/ClanOT-Book.eot]
[bookatailor.com/css/ClanOT-Bookd41d.eot]
[bookatailor.com/css/ClanOT-Book.ttf]
[bookatailor.com/css/ClanOT-Medium.eot]
[bookatailor.com/css/ClanOT-Mediumd41d.eot]
[bookatailor.com/css/ClanOT-Medium.ttf]
[bookatailor.com/css/ClanOT-News.eot]
[bookatailor.com/css/ClanOT-Newsd41d.eot]
[bookatailor.com/css/ClanOT-News.ttf]
[bookatailor.com/css/ClanOT-Thin.eot]
[bookatailor.com/css/ClanOT-Thind41d.eot]
[bookatailor.com/css/ClanOT-Thin.ttf]
[bookatailor.com/css/ClanOT-Ultra.eot]
[bookatailor.com/css/ClanOT-Ultrad41d.eot]
[bookatailor.com/css/ClanOT-Ultra.ttf]
[bookatailor.com/fonts/glyphicons-halflings-regular.eot]
[bookatailor.com/fonts/glyphicons-halflings-regulard41d.eot]
[bookatailor.com/fonts/glyphicons-halflings-regular.ttf]
[bookatailor.com/img/arrow_batnew.png]
[bookatailor.com/css/bootstrap_batnew.min.css]
[bookatailor.com/images-bat/arrows.png]
[bookatailor.com/images-bat/f_top.png]
[bookatailor.com/images-bat/insto_top.png]
[bookatailor.com/images-bat/pin_top.png]
[bookatailor.com/images-bat/g_top.png]
[bookatailor.com/images-bat/tit_top.png]
[bookatailor.com/new.css]
[bookatailor.com/fonts/fontawesome-webfonte0a5.eot]
[bookatailor.com/fonts/fontawesome-webfontd41d.eot]
[bookatailor.com/fonts/fontawesome-webfonte0a5.ttf]
[bookatailor.com/css/font-awesome.min.css]
[bookatailor.com/css/owl.carousel_batnew.css]
[bookatailor.com/css/owl.theme.css]
[bookatailor.com/css/owl.transitions.css]
[bookatailor.com/css/animate_batnew.css]
[bookatailor.com/css/animate1_batnew.css]
[bookatailor.com/css/img-zoom/jquery.simpleLens.css]
[bookatailor.com/css/fancybox/fancybox_sprite.png]
[bookatailor.com/css/fancybox/fancybox_loading.gif]
[bookatailor.com/css/fancybox/blank.gif]
[bookatailor.com/css/fancybox/fancybox_overlay.png]
[bookatailor.com/css/fancybox/fancybox_sprite@2x.png]
[bookatailor.com/css/fancybox/fancybox_loading@2x.gif]
[bookatailor.com/css/fancybox/jquery.fancybox.css]
[bookatailor.com/css/slicknav_batnew.css]
[bookatailor.com/css/normalize_batnew.css]
[bookatailor.com/lib/rs-plugin/images_batnew/gradient/g30.png]
[bookatailor.com/lib/rs-plugin/images_batnew/gradient/g40.png]
[bookatailor.com/lib/rs-plugin/assets_batnew/shadow1.png]
[bookatailor.com/lib/rs-plugin/assets_batnew/shadow2.png]
[bookatailor.com/lib/rs-plugin/assets_batnew/shadow3.png]
[bookatailor.com/lib/rs-plugin/assets_batnew/gridtile.png]
[bookatailor.com/lib/rs-plugin/assets_batnew/gridtile_white.png]
[bookatailor.com/lib/rs-plugin/assets_batnew/gridtile_3x3.png]
[bookatailor.com/lib/rs-plugin/assets_batnew/gridtile_3x3_white.png]
[bookatailor.com/lib/rs-plugin/assets_batnew/boxed_bgtile.png]
[bookatailor.com/lib/rs-plugin/assets_batnew/navigdots_bgtile.png]
[bookatailor.com/lib/rs-plugin/assets_batnew/bullet.png]
[bookatailor.com/lib/rs-plugin/assets_batnew/bullets.png]
[bookatailor.com/lib/rs-plugin/assets_batnew/bullets2.png]
[bookatailor.com/lib/rs-plugin/assets_batnew/bullet_boxed.png]
[bookatailor.com/lib/rs-plugin/assets_batnew/navigdots.png]
[bookatailor.com/lib/rs-plugin/assets_batnew/large_left.png]
[bookatailor.com/lib/rs-plugin/assets_batnew/large_right.png]
[bookatailor.com/lib/rs-plugin/assets_batnew/small_left.png]
[bookatailor.com/lib/rs-plugin/assets_batnew/small_right.png]
[bookatailor.com/lib/rs-plugin/assets_batnew/arrow_left.png]
[bookatailor.com/lib/rs-plugin/assets_batnew/arrow_right.png]
[bookatailor.com/lib/rs-plugin/assets_batnew/small_left_boxed.png]
[bookatailor.com/lib/rs-plugin/assets_batnew/small_right_boxed.png]
[bookatailor.com/lib/rs-plugin/assets_batnew/arrowleft.png]
[bookatailor.com/lib/rs-plugin/assets_batnew/arrowright.png]
[bookatailor.com/lib/rs-plugin/assets_batnew/arrow_left2.png]
[bookatailor.com/lib/rs-plugin/assets_batnew/arrow_right2.png]
[bookatailor.com/lib/rs-plugin/assets_batnew/timer.png]
[bookatailor.com/lib/rs-plugin/assets_batnew/coloredbg.png]
[bookatailor.com/lib/rs-plugin/assets_batnew/loader.gif]
[bookatailor.com/lib/rs-plugin/font/revicons90c6.eot]
[bookatailor.com/lib/rs-plugin/font/revicons90c6.ttf]
[bookatailor.com/lib/rs-plugin/css_batnew/settings.css]
[bookatailor.com/css/main_batnew.css]
[bookatailor.com/ClanOT-Black.eot]
[bookatailor.com/ClanOT-Blackd41d.eot]
[bookatailor.com/ClanOT-Black.ttf]
[bookatailor.com/ClanOT-Bold.eot]
[bookatailor.com/ClanOT-Boldd41d.eot]
[bookatailor.com/ClanOT-Bold.ttf]
[bookatailor.com/ClanOT-Book.eot]
[bookatailor.com/ClanOT-Bookd41d.eot]
[bookatailor.com/ClanOT-Book.ttf]
[bookatailor.com/ClanOT-Medium.eot]
[bookatailor.com/ClanOT-Mediumd41d.eot]
[bookatailor.com/ClanOT-Medium.ttf]
[bookatailor.com/ClanOT-News.eot]
[bookatailor.com/ClanOT-Newsd41d.eot]
[bookatailor.com/ClanOT-News.ttf]
[bookatailor.com/ClanOT-Thin.eot]
[bookatailor.com/ClanOT-Thind41d.eot]
[bookatailor.com/ClanOT-Thin.ttf]
[bookatailor.com/ClanOT-Ultra.eot]
[bookatailor.com/ClanOT-Ultrad41d.eot]
[bookatailor.com/ClanOT-Ultra.ttf]
[bookatailor.com/img/search-icon_batnew.png]
[bookatailor.com/img/imagedoc-darknoise_batnew.png]
[bookatailor.com/img/icon-close_batnew.png]
[bookatailor.com/img/shadow1.png]
[bookatailor.com/img/austin_batnew.jpg]
[bookatailor.com/img/boston_batnew.jpg]
[bookatailor.com/img/capitolhill.jpg]
[bookatailor.com/img/chicago_batnew.jpg]
[bookatailor.com/img/greatneck_batnew.jpg]
[bookatailor.com/img/houston_batnew.jpg]
[bookatailor.com/img/miami-beach_batnew.jpg]
[bookatailor.com/img/ny_batnew.jpg]
[bookatailor.com/img/tysonsva_batnew.jpg]
[bookatailor.com/img/wdc_batnew.jpg]
[bookatailor.com/img/wall.jpg]
[bookatailor.com/img/wall1.jpg]
[bookatailor.com/img/shadow2.png]
[bookatailor.com/img/shadow3.png]
[bookatailor.com/img/togglerwhite_batnew.png]
[bookatailor.com/img/icon-cartwhite_batnew.png]
[bookatailor.com/img/icon-lockwhite_batnew.png]
[bookatailor.com/img/icon-searchwhite_batnew.png]
[bookatailor.com/img/newsletter-bg_batnew.jpg]
[bookatailor.com/img/category-image_batnew.jpg]
[bookatailor.com/img/pag-arrow_batnew.jpg]
[bookatailor.com/img/blog_bg_batnew.jpg]
[bookatailor.com/img/quote-bg_batnew.jpg]
[bookatailor.com/img/quote-icon.png]
[bookatailor.com/img/cart-remove_batnew.png]
[bookatailor.com/img/product-banner.jpg]
[bookatailor.com/img/portfolio-header.jpg]
[bookatailor.com/img/portfolio-shadow.png]
[bookatailor.com/img/weddings_batnew.jpg]
[bookatailor.com/img/about-img_batnew.jpg]
[bookatailor.com/img/abt_batnew.jpg]
[bookatailor.com/img/job_batnew.jpg]
[bookatailor.com/img/blg_batnew.jpg]
[bookatailor.com/img/how_batnew.jpg]
[bookatailor.com/img/contact_batnew.jpg]
[bookatailor.com/img/pricing_batnew.jpg]
[bookatailor.com/img/press_batnew.jpg]
[bookatailor.com/img/students_batnew.jpg]
[bookatailor.com/img/brand_batnew.jpg]
[bookatailor.com/img/privacy_batnew.jpg]
[bookatailor.com/img/policy_batnew.jpg]
[bookatailor.com/img/faq_batnew.jpg]
[bookatailor.com/img/franchise_batnew.jpg]
[bookatailor.com/img/refer_batnew.jpg]
[bookatailor.com/img/sign_batnew.jpg]
[bookatailor.com/img/page404bg_batnew.jpg]
[bookatailor.com/style1.css]
[bookatailor.com/mobile.css]
[bookatailor.com/css/responsive_batnew.css]
[bookatailor.com/demo/css/prism_batnew.css]
[bookatailor.com/demo/css/calendar-style_batnew.css]
[bookatailor.com/src_batnew/image/icon_navs.png]
[bookatailor.com/src_batnew/image/icon_navs_dark.png]
[bookatailor.com/src_batnew/css/pignose.calendar.css]
[bookatailor.com/demo/js_batnew/jquery.latest.min.js]
[bookatailor.com/demo/js_batnew/bootstrap.min.js]
[bookatailor.com/demo/js_batnew/prism.min.js]
[bookatailor.com/vender_batnew/moment.min.js]
[bookatailor.com/src_batnew/js/pignose.calendar.js]
[bookatailor.com/GET.html]
[bookatailor.com/_showrooms.html]
[bookatailor.com/_appointment-slots7a2c.html]
[bookatailor.com/_returning-customerea4e.html]
[bookatailor.com/_returning-customerde7d.html]
[bookatailor.com/js/vendor/modernizr-2.8.3.min.js]
[bookatailor.com/images/dott.html]
[bookatailor.com/js/jquery.mask.min.js]
[bookatailor.com/_pickup-slotsd6d4.html]
[bookatailor.com/dist/whatsapp-button.js]
[bookatailor.com/favicon.ico]
[bookatailor.com/assets_newap/css/bootstrap.min.css]
[bookatailor.com/assets_newap/css/bootstrap-theme.css]
[bookatailor.com/assets_newap/css/font-awesome.min.css]
[bookatailor.com/assets_newap/revolution-slider/css/settings.css]
[bookatailor.com/assets_newap/css/global.css]
[bookatailor.com/assets_newap/css/style.css]
[bookatailor.com/assets_newap/css/responsive.css]
[bookatailor.com/assets_newap/css/skin.css]
[bookatailor.com/pickup/css/pikaday.css]
[bookatailor.com/js_newb/vendor/modernizr-2.8.3.min.js]
[ajax.googleapis.com/ajax/libs/jquery/2.1.3/jquery.min.js]
[bookatailor.com/top1.html]
[bookatailor.com/footer1.html]
[bookatailor.com/assets_newap/js/jquery.min.js]
[bookatailor.com/assets_newap/js/bootstrap.min.js]
[bookatailor.com/assets_newap/js/jquery.easing.min.js]
[bookatailor.com/assets_newap/revolution-slider/js/jquery.themepunch.plugins.min.js]
[bookatailor.com/assets_newap/revolution-slider/js/jquery.themepunch.revolution.js]
[bookatailor.com/assets_newap/js/jquery.flexslider.js]
[bookatailor.com/assets_newap/js/site.js]
[bookatailor.com/pickup/index.html]
[bookatailor.com/deal/selectric.css]
[bookatailor.com/js/jquery-ui.js]
[bookatailor.com/deal/css/pikaday.css]
[bookatailor.com/deal/pikaday.js]
[bookatailor.com/deal/lib/jquery.min.js]
[bookatailor.com/deal/jquery.selectric.js]
[bookatailor.com/deal/index.html]
[bookatailor.com/index.html]
[bookatailor.com/deal/js/iframeResizer.min.js]
[bookatailor.com/about-us.html]
[bookatailor.com/js/bootstrap.min.js]
[bookatailor.com/img/how1_batnew.jpg]
[bookatailor.com/img/how2_batnew.jpg]
[bookatailor.com/img/how3_batnew.jpg]
[bookatailor.com/img/how4_batnew.jpg]
[bookatailor.com/how_It_works.html]
[bookatailor.com/img/weddings1_batnew.jpg]
[bookatailor.com/weddings.html]
[bookatailor.com/location.html]
[bookatailor.com/public_batnew/selectric.css]
[bookatailor.com/PIE.htc]
[bookatailor.com/public_batnew/lib/jquery-ui.min.js]
[bookatailor.com/public_batnew/lib/prism.js]
[bookatailor.com/public_batnew/lib/jquery.minicolors.min.js]
[bookatailor.com/public_batnew/jquery.selectric.js]
[bookatailor.com/public_batnew/lib/demo.js]
[bookatailor.com/contact.html]
[bookatailor.com/franchise.html]
[bookatailor.com/join-team.html]
[bookatailor.com/img/p1_batnew.jpg]
[bookatailor.com/img/p2_batnew.jpg]
[bookatailor.com/img/p3_batnew.jpg]
[bookatailor.com/img/p4_batnew.jpg]
[bookatailor.com/img/p5_batnew.jpg]
[bookatailor.com/img/p6-1_batnew.jpg]
[bookatailor.com/img/p6_batnew.jpg]
[bookatailor.com/img/p7_batnew.jpg]
[bookatailor.com/img/p8_batnew.jpg]
[bookatailor.com/img/p9_batnew.jpg]
[bookatailor.com/img/p10_batnew.jpg]
[bookatailor.com/img/p11_batnew.jpg]
[bookatailor.com/img/p12_batnew.jpg]
[bookatailor.com/img/p13_batnew.jpg]
[bookatailor.com/img/p14_batnew.jpg]
[bookatailor.com/img/p15_batnew.jpg]
[bookatailor.com/img/p16_batnew.jpg]
[bookatailor.com/img/p17_batnew.jpg]
[bookatailor.com/press.html]
[bookatailor.com/img/jacomo_batnew.jpg]
[bookatailor.com/our-ceo.html]
[bookatailor.com/faq.html]
[bookatailor.com/refund-policy.html]
[bookatailor.com/privacy-policy.html]
[bookatailor.com/img/military_batnew.jpg]
[bookatailor.com/military.html]
[bookatailor.com/students.html]
[bookatailor.com/js/bootstrap_batnew.min.js]
[bookatailor.com/js/batnew_owl.carousel.min.js]
[bookatailor.com/js/batnew_jquery-ui.min.js]
[bookatailor.com/img/logo-bat1.png]
[bookatailor.com/js/batnew_jquery.slicknav.js]
[bookatailor.com/js/batnew_jquery.shuffle.min.js]
[bookatailor.com/js/batnew_jquery.countdown.min.js]
[bookatailor.com/js/batnew_parallax.js]
[bookatailor.com/js/batnew_jquery.collapse.js]
[bookatailor.com/js/batnew_jquery.easing.1.3.min.js]
[bookatailor.com/js/jquery.scrollUp.min.js]
[bookatailor.com/js/batnew_jquery.knob.js]
[bookatailor.com/js/batnew_jquery.appear.js]
[bookatailor.com/js/img-zoom/jquery.simpleLens.min.js]
[bookatailor.com/js/fancybox/jquery.fancybox.pack.js]
[bookatailor.com/js/batnew_jquery.counterup.min.js]
[bookatailor.com/js/batnew_waypoints.min.js]
[bookatailor.com/js/batnew_wow.js]
[bookatailor.com/lib/rs-plugin/js_batnew/jquery.themepunch.tools.min.js]
[bookatailor.com/lib/rs-plugin/js_batnew/jquery.themepunch.revolution.min.js]
[bookatailor.com/lib/rs-plugin/rs.home.js]
[bookatailor.com/js/batnew_main.js]
[bookatailor.com/js/batnew_jquery-scrolltofixed_batnew.js]
[bookatailor.com/js/jquery.flexslider.js]
[bookatailor.com/css/ClanOT-Black.html]
[bookatailor.com/css/ClanOT-Black-2.html]
[bookatailor.com/css/ClanOT-Black.svg]
[bookatailor.com/css/ClanOT-Bold.html]
[bookatailor.com/css/ClanOT-Bold-2.html]
[bookatailor.com/css/ClanOT-Bold.svg]
[bookatailor.com/css/ClanOT-Book.html]
[bookatailor.com/css/ClanOT-Book-2.html]
[bookatailor.com/css/ClanOT-Book.svg]
[bookatailor.com/css/ClanOT-Medium.html]
[bookatailor.com/css/ClanOT-Medium-2.html]
[bookatailor.com/css/ClanOT-Medium.svg]
[bookatailor.com/css/ClanOT-News.html]
[bookatailor.com/css/ClanOT-News-2.html]
[bookatailor.com/css/ClanOT-News.svg]
[bookatailor.com/css/ClanOT-Thin.html]
[bookatailor.com/css/ClanOT-Thin-2.html]
[bookatailor.com/css/ClanOT-Thin.svg]
[bookatailor.com/css/ClanOT-Ultra.html]
[bookatailor.com/css/ClanOT-Ultra-2.html]
[bookatailor.com/css/ClanOT-Ultra.svg]
[bookatailor.com/fonts/glyphicons-halflings-regular.html]
[bookatailor.com/fonts/glyphicons-halflings-regular-2.html]
[bookatailor.com/fonts/glyphicons-halflings-regular.svg]
[bookatailor.com/fonts/fontawesome-webfonte0a5.html]
[bookatailor.com/fonts/fontawesome-webfonte0a5-2.html]
[bookatailor.com/fonts/fontawesome-webfonte0a5.svg]
[bookatailor.com/css/grabbing.html]
[bookatailor.com/css/AjaxLoader.html]
[bookatailor.com/lib/rs-plugin/font/revicons90c6.html]
[bookatailor.com/lib/rs-plugin/font/revicons90c6.svg]
[bookatailor.com/ClanOT-Black.html]
[bookatailor.com/ClanOT-Black-2.html]
[bookatailor.com/ClanOT-Black.svg]
[bookatailor.com/ClanOT-Bold.html]
[bookatailor.com/ClanOT-Bold-2.html]
[bookatailor.com/ClanOT-Bold.svg]
[bookatailor.com/ClanOT-Book.html]
[bookatailor.com/ClanOT-Book-2.html]
[bookatailor.com/ClanOT-Book.svg]
[bookatailor.com/ClanOT-Medium.html]
[bookatailor.com/ClanOT-Medium-2.html]
[bookatailor.com/ClanOT-Medium.svg]
[bookatailor.com/ClanOT-News.html]
[bookatailor.com/ClanOT-News-2.html]
[bookatailor.com/ClanOT-News.svg]
[bookatailor.com/ClanOT-Thin.html]
[bookatailor.com/ClanOT-Thin-2.html]
[bookatailor.com/ClanOT-Thin.svg]
[bookatailor.com/ClanOT-Ultra.html]
[bookatailor.com/ClanOT-Ultra-2.html]
[bookatailor.com/ClanOT-Ultra.svg]
[bookatailor.com/img/about-us/about-img2.html]
[bookatailor.com/Popover requires tooltip.html]
[bookatailor.com/dist/whatsapp-button.js]
[bookatailor.com/assets_newap/fonts/glyphicons-halflings-regular.eot]
[bookatailor.com/assets_newap/fonts/glyphicons-halflings-regulard41d.eot]
[bookatailor.com/assets_newap/fonts/glyphicons-halflings-regular.ttf]
[bookatailor.com/assets_newap/css/bootstrap.min.css]
[bookatailor.com/assets_newap/css/bootstrap-theme.css]
[bookatailor.com/assets_newap/fonts/fontawesome-webfont862f.eot]
[bookatailor.com/assets_newap/fonts/fontawesome-webfontd41d.eot]
[bookatailor.com/assets_newap/fonts/fontawesome-webfont862f.ttf]
[bookatailor.com/assets_newap/css/font-awesome.min.css]
[bookatailor.com/assets_newap/revolution-slider/img/rev-img/gridtile.png]
[bookatailor.com/assets_newap/revolution-slider/img/rev-img/gridtile_white.png]
[bookatailor.com/assets_newap/revolution-slider/img/rev-img/gridtile_3x3.png]
[bookatailor.com/assets_newap/revolution-slider/img/rev-img/gridtile_3x3_white.png]
[bookatailor.com/assets_newap/revolution-slider/img/rev-img/shadow1.png]
[bookatailor.com/assets_newap/revolution-slider/img/rev-img/shadow2.png]
[bookatailor.com/assets_newap/revolution-slider/img/rev-img/shadow3.png]
[bookatailor.com/assets_newap/revolution-slider/img/rev-img/boxed_bgtile.png]
[bookatailor.com/assets_newap/revolution-slider/img/rev-img/navigdots_bgtile.png]
[bookatailor.com/assets_newap/revolution-slider/img/rev-img/bullet.png]
[bookatailor.com/assets_newap/revolution-slider/img/rev-img/bullets.png]
[bookatailor.com/assets_newap/revolution-slider/img/rev-img/bullets2.png]
[bookatailor.com/assets_newap/revolution-slider/img/rev-img/bullet_boxed.png]
[bookatailor.com/assets_newap/revolution-slider/img/rev-img/navigdots.png]
[bookatailor.com/assets_newap/revolution-slider/img/rev-img/large_left.png]
[bookatailor.com/assets_newap/revolution-slider/img/rev-img/large_right.png]
[bookatailor.com/assets_newap/revolution-slider/img/rev-img/small_left.png]
[bookatailor.com/assets_newap/revolution-slider/img/rev-img/small_right.png]
[bookatailor.com/assets_newap/revolution-slider/img/rev-img/arrow_left.png]
[bookatailor.com/assets_newap/revolution-slider/img/rev-img/arrow_right.png]
[bookatailor.com/assets_newap/revolution-slider/img/rev-img/small_left_boxed.png]
[bookatailor.com/assets_newap/revolution-slider/img/rev-img/small_right_boxed.png]
[bookatailor.com/assets_newap/revolution-slider/img/rev-img/arrowleft.png]
[bookatailor.com/assets_newap/revolution-slider/img/rev-img/arrowright.png]
[bookatailor.com/assets_newap/revolution-slider/img/rev-img/arrow_left2.png]
[bookatailor.com/assets_newap/revolution-slider/img/rev-img/arrow_right2.png]
[bookatailor.com/assets_newap/revolution-slider/img/rev-img/timer.png]
[bookatailor.com/assets_newap/revolution-slider/img/rev-img/coloredbg.png]
[bookatailor.com/assets_newap/revolution-slider/img/rev-img/loader.gif]
[bookatailor.com/assets_newap/revolution-slider/css/settings.css]
[bookatailor.com/assets_newap/fonts/lato-black-webfont.eot]
[bookatailor.com/assets_newap/fonts/lato-black-webfontd41d.eot]
[bookatailor.com/assets_newap/fonts/lato-black-webfont.ttf]
[bookatailor.com/assets_newap/css/global.css]
[bookatailor.com/assets_newap/img/inactive.png]
[bookatailor.com/assets_newap/img/active.png]
[bookatailor.com/assets_newap/css/style.css]
[bookatailor.com/assets_newap/css/responsive.css]
[bookatailor.com/assets_newap/css/skin.css]
[bookatailor.com/pickup/css/pikaday.css]
[bookatailor.com/js_newb/vendor/modernizr-2.8.3.min.js]
[bookatailor.com/pickup/stb.dropdown.min.css]
[bookatailor.com/pickup/stb.dropdown.min.js]
[bookatailor.com/top1.html]
[bookatailor.com/footer1.html]
[bookatailor.com/assets_newap/js/jquery.min.js]
[bookatailor.com/js/iframeResizer.contentWindow.min.js]
[bookatailor.com/assets_newap/js/bootstrap.min.js]
[bookatailor.com/assets_newap/js/jquery.easing.min.js]
[bookatailor.com/assets_newap/revolution-slider/js/jquery.themepunch.plugins.min.js]
[a.vimeocdn.com/js/froogaloop2.min.js]
[bookatailor.com/assets_newap/revolution-slider/js/jquery.themepunch.revolution.js]
[bookatailor.com/assets_newap/js/jquery.flexslider.js]
[bookatailor.com/assets_newap/js/site.js]
[bookatailor.com/js/jquery-ui.js]
[bookatailor.com/deal/selectric.css]
[bookatailor-go.com/css_new/css_clt.html]
[bookatailor.com/deal/css/pikaday.css]
[bookatailor.com/deal/stb.dropdown.min.css]
[bookatailor.com/deal/stb.dropdown.min.js]
[bookatailor.com/external.html]
[bookatailor.com/deal/pikaday.js]
[bookatailor.com/deal/index-2.html]
[bookatailor.com/deal/indexddff.html]
[bookatailor.com/deal/GET.html]
[bookatailor.com/deal/lib/jquery.min.js]
[bookatailor.com/deal/jquery.selectric.js]
[bookatailor.com/deal/js/iframeResizer.min.js]
[bookatailor.com/js/bootstrap.min.js]
[bookatailor.com/inquiry.html]
[bookatailor.com/js/batnew_plugins.js]
[bookatailor.com/public_batnew/lib/prism.css]
[bookatailor.com/public_batnew/selectric.css]
[bookatailor.com/js/classie.html]
[bookatailor.com/public_batnew/lib/jquery-ui.min.js]
[bookatailor.com/public_batnew/lib/prism.js]
[bookatailor.com/public_batnew/lib/jquery.minicolors.min.js]
[bookatailor.com/public_batnew/jquery.selectric.js]
[bookatailor.com/public_batnew/lib/demo.js]
[bookatailor.com/militarydiscount/css/pikaday.css]
[bookatailor.com/deal/logo_bat.png]
[bookatailor.com/img/logo_footer.png]
[bookatailor.com/img/facebook.png]
[bookatailor.com/img/twitter.png]
[bookatailor.com/img/google.png]
[bookatailor.com/img/youtube.png]
[bookatailor.com/img/instgram.png]
[bookatailor.com/img/printrest.png]
[bookatailor.com/militarydiscount/index.html]
[bookatailor.com/studentsdiscount/css/pikaday.css]
[bookatailor.com/studentsdiscount/index.html]
[bookatailor.com/Shuffle.js requires Modernizr.html]
[bookatailor.com/TweenLite.html]
[bookatailor.com/Version/index.html]
[bookatailor.com/_showrooms-pickup9a71.html]
[bookatailor.com/assets_newap/fonts/glyphicons-halflings-regular.html]
[bookatailor.com/assets_newap/fonts/glyphicons-halflings-regular.svg]
[bookatailor.com/assets_newap/fonts/fontawesome-webfont862f.html]
[bookatailor.com/assets_newap/fonts/fontawesome-webfont862f.svg]
[bookatailor.com/assets_newap/revolution-slider/fonts/revicons90c6.html]
[bookatailor.com/assets_newap/revolution-slider/fonts/revicons90c6-2.html]
[bookatailor.com/assets_newap/revolution-slider/fonts/revicons90c6-3.html]
[bookatailor.com/assets_newap/revolution-slider/fonts/revicons90c6-4.html]
[bookatailor.com/assets/revolution-slider/images/gradient/g30.html]
[bookatailor.com/assets/revolution-slider/images/gradient/g40.html]
[bookatailor.com/assets_newap/fonts/lato-black-webfont.html]
[bookatailor.com/assets_newap/fonts/lato-black-webfont.svg]
[bookatailor.com/assets_newap/img/icons.html]
[bookatailor.com/assets_newap/img/progress-bg.html]
[bookatailor.com/assets_newap/img/breadcrumb-bg.html]
[bookatailor.com/assets_newap/img/volunteer.html]
[bookatailor.com/assets_newap/img/bg-testimonials.html]
[bookatailor.com/assets_newap/img/parallax-banner-02.html]
[bookatailor.com/assets_newap/img/save-lives.html]
[bookatailor.com/assets_newap/img/launch-bg.html]
[bookatailor.com/assets_newap/img/dotted-line.html]
[bookatailor.com/js/iframeResizer.contentWindow.min.js]
[bookatailor.com/pickup/Popover requires tooltip.html]
[bookatailor.com/pickup/Version/index.html]
[bookatailor.com/pickup/mail.html]
[bookatailor.com/pickup/img.html]
[bookatailor.com/selectric.html]
[bookatailor.com/themes/template/selectric.html]
[bookatailor.com/ajax.html]
[bookatailor.com/militarydiscount/css/pikaday.css]
[bookatailor.com/militarydiscount/stb.dropdown.min.css]
[bookatailor.com/militarydiscount/stb.dropdown.min.js]
[bookatailor.com/militarydiscount/indexddff.html]
[bookatailor.com/militarydiscount/GET.html]
[bookatailor.com/studentsdiscount/css/pikaday.css]
[bookatailor.com/studentsdiscount/stb.dropdown.min.css]
[bookatailor.com/studentsdiscount/stb.dropdown.min.js]
[bookatailor.com/studentsdiscount/indexddff.html]
[bookatailor.com/studentsdiscount/GET.html]
[bookatailor.com/_appointment-time7a2c.html]
