[backblue.gif]
[fade.gif]
[index.html]
[www.tailorspoint.com/assert/js/jquery.min.js]
[www.tailorspoint.com/assert/img/logo.png]
[www.tailorspoint.com/assert/img/Banner 1.jpg]
[www.tailorspoint.com/assert/img/all_card.png]
[www.tailorspoint.com/assert/js/bootstrap.min.js]
[www.tailorspoint.com/assert/js/hover-dropdown-menu.js]
[www.tailorspoint.com/assert/js/jquery.hover-dropdown-menu-addon.js]
[www.tailorspoint.com/assert/js/jquery.easing.1.3.js]
[www.tailorspoint.com/assert/js/jquery.sticky.js]
[www.tailorspoint.com/assert/js/bootstrapValidator.min.js]
[www.tailorspoint.com/assert/js/jquery.appear.js]
[www.tailorspoint.com/assert/js/effect.js]
[www.tailorspoint.com/assert/js/owl.carousel.min.js]
[www.tailorspoint.com/assert/js/price-filter.js]
[www.tailorspoint.com/assert/js/jquery.prettyPhoto.js]
[www.tailorspoint.com/assert/js/jquery.parallax-1.1.3.js]
[www.tailorspoint.com/assert/js/jquery.elevateZoom-3.0.8.min.js]
[www.tailorspoint.com/assert/js/jquery.countTo.js]
[www.tailorspoint.com/assert/js/custom.js]
[www.tailorspoint.com/about_us.html]
[www.tailorspoint.com/assert/fonts/fontawesome-webfont3e6e.eot]
[www.tailorspoint.com/assert/fonts/fontawesome-webfontd41d.eot]
[www.tailorspoint.com/assert/fonts/fontawesome-webfont3e6e.woff2]
[www.tailorspoint.com/assert/fonts/fontawesome-webfont3e6e.woff]
[www.tailorspoint.com/assert/fonts/fontawesome-webfont3e6e.ttf]
[www.tailorspoint.com/assert/css/font-awesome.min.css]
[www.tailorspoint.com/assert/fonts/glyphicons-halflings-regular.eot]
[www.tailorspoint.com/assert/fonts/glyphicons-halflings-regulard41dd41d.eot]
[www.tailorspoint.com/assert/fonts/glyphicons-halflings-regular.woff]
[www.tailorspoint.com/assert/fonts/glyphicons-halflings-regular.ttf]
[www.tailorspoint.com/assert/css/bootstrap.min.css]
[www.tailorspoint.com/assert/css/hover-dropdown-menu.css]
[www.tailorspoint.com/assert/fonts/icomoond41dd41d.eot]
[www.tailorspoint.com/assert/fonts/icomoon87d987d9.woff]
[www.tailorspoint.com/assert/fonts/icomoon87d987d9.ttf]
[www.tailorspoint.com/assert/fonts/Pe-icon-social869b869b.eot]
[www.tailorspoint.com/assert/fonts/Pe-icon-sociald41dd41d.eot]
[www.tailorspoint.com/assert/fonts/Pe-icon-social869b869b.woff]
[www.tailorspoint.com/assert/fonts/Pe-icon-social869b869b.ttf]
[www.tailorspoint.com/assert/css/icons.css]
[www.tailorspoint.com/assert/css/revolution-slider.css]
[www.tailorspoint.com/assert/rs-plugin/images/gradient/g30.png]
[www.tailorspoint.com/assert/rs-plugin/images/gradient/g40.png]
[www.tailorspoint.com/assert/rs-plugin/assets/shadow1.png]
[www.tailorspoint.com/assert/rs-plugin/assets/shadow2.png]
[www.tailorspoint.com/assert/rs-plugin/assets/shadow3.png]
[www.tailorspoint.com/assert/rs-plugin/assets/gridtile.png]
[www.tailorspoint.com/assert/rs-plugin/assets/gridtile_white.png]
[www.tailorspoint.com/assert/rs-plugin/assets/gridtile_3x3.png]
[www.tailorspoint.com/assert/rs-plugin/assets/gridtile_3x3_white.png]
[www.tailorspoint.com/assert/rs-plugin/assets/boxed_bgtile.png]
[www.tailorspoint.com/assert/rs-plugin/assets/navigdots_bgtile.png]
[www.tailorspoint.com/assert/rs-plugin/assets/bullet.png]
[www.tailorspoint.com/assert/rs-plugin/assets/bullets.png]
[www.tailorspoint.com/assert/rs-plugin/assets/bullets2.png]
[www.tailorspoint.com/assert/rs-plugin/assets/bullet_boxed.png]
[www.tailorspoint.com/assert/rs-plugin/assets/navigdots.png]
[www.tailorspoint.com/assert/rs-plugin/assets/large_left.png]
[www.tailorspoint.com/assert/rs-plugin/assets/large_right.png]
[www.tailorspoint.com/assert/rs-plugin/assets/small_left.png]
[www.tailorspoint.com/assert/rs-plugin/assets/small_right.png]
[www.tailorspoint.com/assert/rs-plugin/assets/arrow_left.png]
[www.tailorspoint.com/assert/rs-plugin/assets/arrow_right.png]
[www.tailorspoint.com/assert/rs-plugin/assets/small_left_boxed.png]
[www.tailorspoint.com/assert/rs-plugin/assets/small_right_boxed.png]
[www.tailorspoint.com/assert/rs-plugin/assets/arrowleft.png]
[www.tailorspoint.com/assert/rs-plugin/assets/arrowright.png]
[www.tailorspoint.com/assert/rs-plugin/assets/arrow_left2.png]
[www.tailorspoint.com/assert/rs-plugin/assets/arrow_right2.png]
[www.tailorspoint.com/assert/rs-plugin/assets/timer.png]
[www.tailorspoint.com/assert/rs-plugin/assets/coloredbg.png]
[www.tailorspoint.com/assert/rs-plugin/assets/loader.gif]
[www.tailorspoint.com/assert/rs-plugin/font/revicons90c690c6.eot]
[www.tailorspoint.com/assert/rs-plugin/font/revicons90c690c6.woff]
[www.tailorspoint.com/assert/rs-plugin/font/revicons90c690c6.ttf]
[www.tailorspoint.com/assert/rs-plugin/css/settings.css]
[www.tailorspoint.com/assert/css/animate.min.css]
[www.tailorspoint.com/assert/css/owl/owl.carousel.css]
[www.tailorspoint.com/assert/css/owl/owl.theme.css]
[www.tailorspoint.com/assert/css/owl/owl.transitions.css]
[www.tailorspoint.com/assert/css/prettyPhoto.css]
[www.tailorspoint.com/assert/img/patterns/pattern2.png]
[www.tailorspoint.com/assert/img/Category-Men.jpg]
[www.tailorspoint.com/assert/css/style.css]
[www.tailorspoint.com/assert/css/responsive.css]
[www.tailorspoint.com/assert/css/color.css]
[www.tailorspoint.com/uploads/7l2d053ada0w4s0.jpg]
[www.tailorspoint.com/uploads/754bpvy5naww0cg.jpg]
[www.tailorspoint.com/uploads/g2ofi3r76a04oo.jpg]
[www.tailorspoint.com/uploads/14vtohsvvvk08ck4wg.jpg]
[www.tailorspoint.com/uploads/1mlqq13s225ccgcgc8.jpg]
[www.tailorspoint.com/uploads/196akpsf45j40wg.png]
[www.tailorspoint.com/uploads/xb567c7on1w8k8.jpg]
[www.tailorspoint.com/uploads/8pmrx3zxhr8kks8.png]
[www.tailorspoint.com/uploads/q58znecyghwksc.jpg]
[www.tailorspoint.com/uploads/ct4lsyke5zsc4ks.jpg]
[www.tailorspoint.com/uploads/4xp4db0vd9c084.jpg]
[www.tailorspoint.com/index.html]
[www.tailorspoint.com/home.html]
[www.tailorspoint.com/products/ethnic-wear.html]
[www.tailorspoint.com/products/ethnic-wear/sherwani.html]
[www.tailorspoint.com/products/ethnic-wear/nawabi.html]
[www.tailorspoint.com/products/ethnic-wear/bandhgala.html]
[www.tailorspoint.com/products/ethnic-wear/bundi.html]
[www.tailorspoint.com/products/party-wear.html]
[www.tailorspoint.com/products/party-wear/tuxedos.html]
[www.tailorspoint.com/products/formal-wear.html]
[www.tailorspoint.com/products/formal-wear/suits.html]
[www.tailorspoint.com/stories.html]
[www.tailorspoint.com/stores.html]
[chir.ag/projects/ntc/ntc.js]
[www.tailorspoint.com/checkout/cart.html]
[www.tailorspoint.com/checkout.html]
[www.tailorspoint.com/login.html]
[www.tailorspoint.com/products/form-wear.html]
[www.tailorspoint.com/privacy_policy.html]
[www.tailorspoint.com/shipping_policy.html]
[www.tailorspoint.com/return_refund.html]
[www.tailorspoint.com/faq.html]
[www.tailorspoint.com/reach_us.html]
[www.tailorspoint.com/about_us-2.html]
[www.tailorspoint.com/stores-2.html]
[www.tailorspoint.com/privacy_policy-2.html]
[www.tailorspoint.com/shipping_policy-2.html]
[www.tailorspoint.com/return_refunds.html]
[www.tailorspoint.com/faq-2.html]
[www.tailorspoint.com/contact_us.html]
[www.tailorspoint.com/assert/fonts/fontawesome-webfont3e6e.svg]
[www.tailorspoint.com/assert/fonts/glyphicons-halflings-regular.html]
[www.tailorspoint.com/assert/fonts/glyphicons-halflings-regular.svg]
[www.tailorspoint.com/assert/fonts/icomoon87d987d9.eot]
[www.paypalobjects.com/api/checkout.js]
[www.tailorspoint.com/assert/fonts/icomoon87d987d9.svg]
[www.tailorspoint.com/assert/fonts/Pe-icon-social869b869b.svg]
[www.tailorspoint.com/themepunch.com/revolution/wp-content/uploads/2014/05/wave21.html]
[www.tailorspoint.com/themepunch.com/revolution/wp-content/uploads/2014/05/wave11.html]
[www.tailorspoint.com/themepunch.com/revolution/wp-content/uploads/2014/05/wave3.html]
[www.tailorspoint.com/themepunch.com/revolution/wp-content/uploads/2014/05/wave4.html]
[www.tailorspoint.com/themepunch.com/revolution/wp-content/uploads/2014/05/wave51.html]
[www.tailorspoint.com/assert/rs-plugin/font/revicons90c690c6.svg]
[ajax.googleapis.com/ajax/libs/webfont/1.5.3/webfont.js]
[zozothemes.com/wp-content/plugins/bbpress/templates/default/css/bbpress6640.css]
[zozothemes.com/wp-content/plugins/contact-form-7/includes/css/styles4906.css]
[zozothemes.com/wp-content/themes/newser/includes/widgets/newser-weather/newser-weather66f2.css]
[zozothemes.com/wp-content/plugins/js_composer/assets/css/js_composer.min972f.css]
[zozothemes.com/wp-content/themes/newser/css/theme68b3.css]
[zozothemes.com/wp-content/themes/newser/style66f2.css]
[zozothemes.com/wp-content/themes/newser/css/responsive66f2.css]
[zozothemes.com/wp-content/themes/newser/css/color66f2.css]
[zozothemes.com/wp-content/uploads/newser/theme_166f2.css]
[zozothemes.com/wp-content/uploads/newser/theme-skin_166f2.css]
[zozothemes.com/wp-content/uploads/newser/theme_custom_166f2.css]
[zozothemes.com/wp-includes/js/jquery/jquery-migrate.min330a.js]
[zozothemes.com/wp-content/uploads/2017/04/cropped-favicon-32x32.jpg]
[zozothemes.com/wp-content/uploads/2017/04/cropped-favicon-192x192.jpg]
[zozothemes.com/wp-content/uploads/2017/04/cropped-favicon-180x180.jpg]
[zozothemes.com/wp-content/uploads/2017/03/sticky-logo.png]
[zozothemes.com/wp-includes/js/jquery/jqueryb8ff.js]
[themes.zozothemes.com/newser/wp-content/uploads/2016/10/adv.jpg]
[zozothemes.com/wp-content/uploads/2017/03/site-logo.png]
[zozothemes.com/wp-content/themes/newser/images/404.png]
[zozothemes.com/wp-content/uploads/2017/04/site-logo-white.png]
[zozothemes.com/wp-content/plugins/bbpress/templates/default/js/editor6640.js]
[zozothemes.com/wp-content/plugins/contact-form-7/includes/js/scripts4906.js]
[zozothemes.com/wp-content/plugins/js_composer/assets/js/dist/js_composer_front.min972f.js]
[zozothemes.com/wp-content/themes/newser/js/news-block68b3.js]
[zozothemes.com/wp-includes/js/wp-embed.min66f2.js]
[www.google-analytics.com/analytics.js]
[www.tailorspoint.com/assert/css/owl/grabbing.html]
[www.tailorspoint.com/assert/css/owl/AjaxLoader.html]
[www.tailorspoint.com/assert/img/prettyPhoto/default/sprite.html]
[www.tailorspoint.com/assert/img/prettyPhoto/default/sprite_x.html]
[www.tailorspoint.com/assert/img/prettyPhoto/default/sprite_y.html]
[www.tailorspoint.com/assert/img/prettyPhoto/default/sprite_next.html]
[www.tailorspoint.com/assert/img/prettyPhoto/default/sprite_prev.html]
[www.tailorspoint.com/assert/img/prettyPhoto/default/default_thumb.html]
[www.tailorspoint.com/assert/img/prettyPhoto/default/loader.html]
[www.tailorspoint.com/assert/img/prettyPhoto/light_rounded/sprite.html]
[www.tailorspoint.com/assert/img/prettyPhoto/light_rounded/btnNext.html]
[www.tailorspoint.com/assert/img/prettyPhoto/light_rounded/btnPrevious.html]
[www.tailorspoint.com/assert/img/prettyPhoto/light_rounded/loader.html]
[www.tailorspoint.com/assert/img/prettyPhoto/dark_rounded/sprite.html]
[www.tailorspoint.com/assert/img/prettyPhoto/dark_rounded/contentPattern.html]
[www.tailorspoint.com/assert/img/prettyPhoto/dark_rounded/btnNext.html]
[www.tailorspoint.com/assert/img/prettyPhoto/dark_rounded/btnPrevious.html]
[www.tailorspoint.com/assert/img/prettyPhoto/dark_rounded/loader.html]
[www.tailorspoint.com/assert/img/prettyPhoto/dark_square/loader.html]
[www.tailorspoint.com/assert/img/prettyPhoto/dark_square/sprite.html]
[www.tailorspoint.com/assert/img/prettyPhoto/dark_square/btnNext.html]
[www.tailorspoint.com/assert/img/prettyPhoto/dark_square/btnPrevious.html]
[www.tailorspoint.com/assert/img/prettyPhoto/light_square/sprite.html]
[www.tailorspoint.com/assert/img/prettyPhoto/light_square/btnNext.html]
[www.tailorspoint.com/assert/img/prettyPhoto/light_square/btnPrevious.html]
[www.tailorspoint.com/assert/img/prettyPhoto/facebook/sprite.html]
[www.tailorspoint.com/assert/img/prettyPhoto/facebook/contentPatternTop.html]
[www.tailorspoint.com/assert/img/prettyPhoto/facebook/contentPatternLeft.html]
[www.tailorspoint.com/assert/img/prettyPhoto/facebook/contentPatternRight.html]
[www.tailorspoint.com/assert/img/prettyPhoto/facebook/loader.html]
[www.tailorspoint.com/assert/img/prettyPhoto/facebook/btnNext.html]
[www.tailorspoint.com/assert/img/prettyPhoto/facebook/btnPrevious.html]
[www.tailorspoint.com/assert/img/prettyPhoto/facebook/contentPatternBottom.html]
[www.tailorspoint.com/assert/img/prettyPhoto/facebook/default_thumbnail.html]
[www.tailorspoint.com/assert/img/patterns/pattern.png]
[www.tailorspoint.com/assert/img/svg/loader.html]
[www.tailorspoint.com/assert/img/sections/slider/slider8-bg.html]
[www.tailorspoint.com/assert/img/sections/bg/pattern-bg.html]
[zozothemes.com/wp-content/themes/newser/js/theme68b3.js]
[www.tailorspoint.com/trending/index.html]
[www.tailorspoint.com/collection/index.html]
[www.tailorspoint.com/products.html]
[www.tailorspoint.com/index-2.html]
[www.paypalobjects.com/api/button.js]
[www.paypalobjects.com/api/checkout.js]
[zozothemes.com/wp-content/plugins/bbpress/templates/default/css/bbpress6640.css]
[zozothemes.com/wp-content/plugins/contact-form-7/images/ajax-loader.gif]
[zozothemes.com/wp-content/plugins/contact-form-7/includes/css/styles4906.css]
[zozothemes.com/wp-content/themes/newser/includes/widgets/newser-weather/newser-weather66f2.css]
[zozothemes.com/wp-content/plugins/js_composer/assets/vc/alert.png]
[zozothemes.com/wp-content/plugins/js_composer/assets/vc/info.png]
[zozothemes.com/wp-content/plugins/js_composer/assets/vc/tick.png]
[zozothemes.com/wp-content/plugins/js_composer/assets/vc/exclamation.png]
[zozothemes.com/wp-content/plugins/js_composer/assets/images/icons/address-book.png]
[zozothemes.com/wp-content/plugins/js_composer/assets/images/icons/alarm-clock.png]
[zozothemes.com/wp-content/plugins/js_composer/assets/images/icons/anchor.png]
[zozothemes.com/wp-content/plugins/js_composer/assets/images/icons/application-image.png]
[zozothemes.com/wp-content/plugins/js_composer/assets/images/icons/arrow.png]
[zozothemes.com/wp-content/plugins/js_composer/assets/images/icons/asterisk.png]
[zozothemes.com/wp-content/plugins/js_composer/assets/images/icons/auction-hammer.png]
[zozothemes.com/wp-content/plugins/js_composer/assets/images/icons/balloon.png]
[zozothemes.com/wp-content/plugins/js_composer/assets/images/icons/balloon-buzz.png]
[zozothemes.com/wp-content/plugins/js_composer/assets/images/icons/balloon-facebook.png]
[zozothemes.com/wp-content/plugins/js_composer/assets/images/icons/balloon-twitter.png]
[zozothemes.com/wp-content/plugins/js_composer/assets/images/icons/battery-full.png]
[zozothemes.com/wp-content/plugins/js_composer/assets/images/icons/binocular.png]
[zozothemes.com/wp-content/plugins/js_composer/assets/images/icons/blue-document-excel.png]
[zozothemes.com/wp-content/plugins/js_composer/assets/images/icons/blue-document-image.png]
[zozothemes.com/wp-content/plugins/js_composer/assets/images/icons/blue-document-music.png]
[zozothemes.com/wp-content/plugins/js_composer/assets/images/icons/blue-document-office.png]
[zozothemes.com/wp-content/plugins/js_composer/assets/images/icons/blue-document-pdf.png]
[zozothemes.com/wp-content/plugins/js_composer/assets/images/icons/blue-document-powerpoint.png]
[zozothemes.com/wp-content/plugins/js_composer/assets/images/icons/blue-document-word.png]
[zozothemes.com/wp-content/plugins/js_composer/assets/images/icons/bookmark.png]
[zozothemes.com/wp-content/plugins/js_composer/assets/images/icons/camcorder.png]
[zozothemes.com/wp-content/plugins/js_composer/assets/images/icons/camera.png]
[zozothemes.com/wp-content/plugins/js_composer/assets/images/icons/chart.png]
[zozothemes.com/wp-content/plugins/js_composer/assets/images/icons/chart-pie.png]
[zozothemes.com/wp-content/plugins/js_composer/assets/images/icons/clock.png]
[zozothemes.com/wp-content/plugins/js_composer/assets/images/icons/control.png]
[zozothemes.com/wp-content/plugins/js_composer/assets/images/icons/fire.png]
[zozothemes.com/wp-content/plugins/js_composer/assets/images/icons/heart.png]
[zozothemes.com/wp-content/plugins/js_composer/assets/images/icons/mail.png]
[zozothemes.com/wp-content/plugins/js_composer/assets/images/icons/plus-shield.png]
[zozothemes.com/wp-content/plugins/js_composer/assets/images/icons/video.png]
[zozothemes.com/wp-content/plugins/js_composer/assets/images/toggle_open.png]
[zozothemes.com/wp-content/plugins/js_composer/assets/images/toggle_close.png]
[zozothemes.com/wp-content/plugins/js_composer/assets/images/flickr.png]
[zozothemes.com/wp-content/plugins/js_composer/assets/images/spinner.gif]
[zozothemes.com/wp-content/plugins/js_composer/assets/vc/remove.png]
[zozothemes.com/wp-content/plugins/js_composer/assets/css/js_composer.min972f.css]
[zozothemes.com/wp-content/themes/newser/css/theme68b3.css]
[zozothemes.com/wp-content/themes/newser/style66f2.css]
[zozothemes.com/wp-content/themes/newser/css/responsive66f2.css]
[zozothemes.com/wp-content/themes/newser/css/color66f2.css]
[zozothemes.com/wp-content/uploads/newser/theme_166f2.css]
[zozothemes.com/wp-content/uploads/newser/theme-skin_166f2.css]
[zozothemes.com/wp-content/uploads/newser/theme_custom_166f2.css]
[zozothemes.com/wp-content/plugins/contact-form-7/includes/js/jquery.form.mind03d.html]
[www.tailorspoint.com/src/load.html]
[www.tailorspoint.com/node_modules/zalgo-promise/src/index.html]
[www.tailorspoint.com/node_modules/cross-domain-utils/src/index.html]
[www.tailorspoint.com/node_modules/cross-domain-safe-weakmap/src/index.html]
[www.tailorspoint.com/node_modules/webpack/buildin/amd-define.html]
[www.tailorspoint.com/node_modules/webpack/buildin/amd-options.html]
[www.tailorspoint.com/node_modules/webpack/buildin/module.html]
[www.tailorspoint.com/node_modules/post-robot/src/conf/index.html]
[www.tailorspoint.com/node_modules/post-robot/src/lib/index.html]
[www.tailorspoint.com/node_modules/post-robot/src/global.html]
[www.tailorspoint.com/node_modules/post-robot/src/bridge/index.html]
[www.tailorspoint.com/node_modules/post-robot/src/compat/index.html]
[www.tailorspoint.com/node_modules/post-robot/src/bridge/interface.html]
[www.tailorspoint.com/node_modules/post-robot/src/index.html]
[www.tailorspoint.com/node_modules/zoid/src/lib/index.html]
[www.tailorspoint.com/node_modules/beaver-logger/client/index.html]
[www.tailorspoint.com/node_modules/belter/src/index.html]
[www.tailorspoint.com/node_modules/zoid/src/component/base.html]
[www.tailorspoint.com/node_modules/zoid/src/component/window.html]
[www.tailorspoint.com/node_modules/zoid/src/constants.html]
[www.tailorspoint.com/node_modules/zoid/src/error.html]
[www.tailorspoint.com/node_modules/zoid/src/component/child/index.html]
[www.tailorspoint.com/node_modules/zoid/src/component/parent/index.html]
[www.tailorspoint.com/node_modules/zoid/src/component/parent/drivers.html]
[www.tailorspoint.com/node_modules/zoid/src/drivers/index.html]
[www.tailorspoint.com/node_modules/zoid/src/types.html]
[www.tailorspoint.com/node_modules/hi-base32/src/base32.html]
[www.tailorspoint.com/node_modules/zoid/src/drivers/script.html]
[www.tailorspoint.com/node_modules/zoid/src/drivers/react.html]
[www.tailorspoint.com/node_modules/zoid/src/drivers/vue.html]
[www.tailorspoint.com/node_modules/zoid/src/drivers/angular.html]
[www.tailorspoint.com/node_modules/zoid/src/drivers/ember.html]
[www.tailorspoint.com/node_modules/zoid/src/drivers/glimmer.html]
[www.tailorspoint.com/node_modules/zoid/src/drivers/angular2.html]
[www.tailorspoint.com/node_modules/zoid/src/component/component/index.html]
[www.tailorspoint.com/GET.html]
[www.tailorspoint.com/node_modules/zoid/src/index.html]
[www.tailorspoint.com/src/lib/index.html]
[www.tailorspoint.com/src/config/index.html]
[www.tailorspoint.com/src/constants/index.html]
[www.tailorspoint.com/src/integrations/index.html]
[www.tailorspoint.com/src/checkout/template/index.html]
[www.tailorspoint.com/node_modules/Base64/base64.html]
[www.tailorspoint.com/src/resources/index.html]
[www.tailorspoint.com/napoleonx.html]
[www.tailorspoint.com/salvadori.html]
[www.tailorspoint.com/base/test/windows/checkout/indexb46d.html]
[www.tailorspoint.com/demo/dev/checkout.html]
[www.tailorspoint.com/base/test/windows/checkout/index965f.html]
[www.tailorspoint.com/demo/dev/guest.html]
[www.tailorspoint.com/base/test/windows/checkout/indexbfdd.html]
[www.tailorspoint.com/base/test/windows/button/index.html]
[www.tailorspoint.com/demo/dev/button.html]
[www.tailorspoint.com/base/test/windows/card-fields/index.html]
[www.tailorspoint.com/demo/dev/card.html]
[www.tailorspoint.com/base/test/windows/component-meta/index.html]
[www.tailorspoint.com/demo/dev/bridge.html]
[www.paypalobjects.com/api/button.js]
[www.tailorspoint.com/base/test/lib/button.html]
[www.tailorspoint.com/src/checkout/index.html]
[www.tailorspoint.com/src/integrations/checkout.html]
[www.tailorspoint.com/src/lib/util.html]
[www.tailorspoint.com/src/lib/jsx.html]
[www.tailorspoint.com/src/legacy/index.html]
[www.tailorspoint.com/src/lib/session.html]
[www.tailorspoint.com/src/lib/device.html]
[www.tailorspoint.com/src/lib/dom.html]
[www.tailorspoint.com/node_modules/bowser/bowser.min.html]
[www.tailorspoint.com/Custom Array.prototype.toJSON is causing incorrect json serialization of arrays. This is likely to cause issues. Probable cause is Prototype.html]
[www.tailorspoint.com/src/lib/beacon.html]
[www.tailorspoint.com/src/lib/namespace.html]
[www.tailorspoint.com/paypal.checkout.v4.html]
[www.tailorspoint.com/src/index.html]
[www.tailorspoint.com/src/resources/fundingLogos/pp_white.html]
[www.tailorspoint.com/src/resources/fundingLogos/pp_blue.html]
[www.tailorspoint.com/src/resources/fundingLogos/pp_black.html]
[www.tailorspoint.com/src/resources/fundingLogos/venmo_white.html]
[www.tailorspoint.com/src/resources/fundingLogos/venmo_blue.html]
[www.tailorspoint.com/src/resources/fundingLogos/elv.html]
[www.tailorspoint.com/src/resources/fundingLogos/elv_white.html]
[www.tailorspoint.com/src/resources/cardLogos/visa.html]
[www.tailorspoint.com/src/resources/cardLogos/amex.html]
[www.tailorspoint.com/src/resources/cardLogos/mastercard.html]
[www.tailorspoint.com/src/resources/cardLogos/maestro.html]
[www.tailorspoint.com/src/resources/cardLogos/discover.html]
[www.tailorspoint.com/src/resources/cardLogos/hiper.html]
[www.tailorspoint.com/src/resources/cardLogos/elo.html]
[www.tailorspoint.com/src/resources/cardLogos/jcb.html]
[www.tailorspoint.com/src/resources/cardLogos/cup.html]
[zozothemes.com/wp-content/themes/newser/css/owl.video.play.html]
